// Jest Snapshot v1, https://goo.gl/fbAQLP

exports[`Should render the login input box component 1`] = `
<div>
  <div
    class="input-box"
  >
    <label
      class="input-box__label"
      for="input-box"
    />
    <input
      alt="input box"
      class="input-box__input"
      id="input-box"
      type="text"
    />
  </div>
</div>
`;
