// Jest Snapshot v1, https://goo.gl/fbAQLP

exports[`Should render the AddLessonAdditionalBoxes with props 1`] = `
<div>
  <div
    class="add-lesson"
  >
    <div
      class="short"
    >
      <label
        class="short__label"
      >
        Additional Subtitle(s) (optional)
      </label>
      <input
        class="add-lesson__input-one input"
        name="input-one"
        placeholder="e.g. Fund Manager"
        spellcheck="true"
        type="text"
      />
    </div>
    <div
      class="free-type"
    >
      <label
        class="free-type__label"
      >
        Additional Content (optional)
      </label>
      <textarea
        class="add-lesson__input-two input"
        name="input-two"
        spellcheck="true"
        type="text"
      />
    </div>
    <h5
      class="add-lesson__add"
    >
      Add +
    </h5>
  </div>
</div>
`;
