// Jest Snapshot v1, https://goo.gl/fbAQLP

exports[`Should render DropDown component 1`] = `
<div>
  <nav
    class="drop-down"
  >
    <input
      id="click"
      type="checkbox"
    />
    <label
      for="click"
    >
      <span
        class="drop-down__title"
      >
        <img
          alt=""
          class="drop-down__arrow"
          src="upside-down-arrow-grey.svg"
        />
      </span>
    </label>
    <ul
      class="drop-down__list"
    >
      <li>
        <a
          href="#"
        >
          <p
            class="drop-down__content"
          >
            <img
              alt=""
              class="drop-down__image"
            />
            Financial Planning with Barclays
          </p>
        </a>
      </li>
    </ul>
  </nav>
</div>
`;
