// Jest Snapshot v1, https://goo.gl/fbAQLP

exports[`Should render the HeaderProfile 1`] = `
<div>
  <div
    class="header-profile"
    data-testid="header-profile"
  >
    <img
      alt="Profile Picture"
      class="header-profile__image"
      src=""
    />
    <div
      class="header-profile__text"
    >
      <h2
        class="header-profile__name"
      >
        Brett Zieme
      </h2>
      <p
        class="header-profile__role"
      >
        Admin
      </p>
    </div>
    <img
      alt="Toggle"
      class="header-profile__arrow"
      src=""
    />
  </div>
</div>
`;
