// Jest Snapshot v1, https://goo.gl/fbAQLP

exports[`Should render the HeaderProfile 1`] = `
<div>
  <div
    class="header-profile"
    data-testid="header-profile"
  >
    <div
      class="header-profile__image"
    >
      <p>
        This is an svg image
      </p>
    </div>
    <div
      class="header-profile__text"
    >
      <h2
        class="header-profile__name"
      />
      <p
        class="header-profile__role"
      />
    </div>
    <div
      class="header-profile__arrow"
    >
      <p>
        This is an svg image
      </p>
    </div>
  </div>
</div>
`;
