// Jest Snapshot v1, https://goo.gl/fbAQLP

exports[`Should render the HeaderProfile 1`] = `
<div>
  <div
    class="header-profile"
  >
    <img
      alt="profile picture"
      class="header-profile__image"
      src="[object Object]"
    />
    <div
      class="header-profile__text"
    >
      <h2
        class="header-profile__name"
      />
      <p
        class="header-profile__role"
      />
    </div>
    <button
      class="header-profile__arrow"
    >
      <img
        alt="toggle"
        src="upside-down-arrow-grey.svg"
      />
    </button>
  </div>
</div>
`;
