// Jest Snapshot v1, https://goo.gl/fbAQLP

exports[`Should render layout with children 1`] = `
<div>
  <div
    class="card"
  >
    <img
      alt="Card Image"
      class="card__image"
    />
    <p
      class="card__date"
    />
    <div
      class="card__header"
    >
      <h2
        class="card__title"
      />
      <img
        alt="Arrow Icon"
        class="card__icon"
        src="arrow-upper-right-black.svg"
      />
    </div>
    <p
      class="card__info"
    />
    <ul
      class="card__links"
    />
  </div>
</div>
`;
