// Jest Snapshot v1, https://goo.gl/fbAQLP

exports[`should render the question and answer form 1`] = `
<div>
  <form
    class="form"
  >
    <div
      class="short"
    >
      <label
        class="short__label"
      >
        Question
      </label>
      <input
        class="short__input"
        spellcheck="true"
      />
    </div>
    <p
      class="form__answers__heading"
    >
      Answers
    </p>
    <div
      class="form__answers"
    >
      <div
        class="checkbox"
      >
        <input
          class="checkbox__input"
          type="text"
        />
        <input
          type="checkbox"
        />
      </div>
      <div
        class="checkbox"
      >
        <input
          class="checkbox__input"
          type="text"
        />
        <input
          type="checkbox"
        />
      </div>
      <div
        class="checkbox"
      >
        <input
          class="checkbox__input"
          type="text"
        />
        <input
          type="checkbox"
        />
      </div>
      <div
        class="checkbox"
      >
        <input
          class="checkbox__input"
          type="text"
        />
        <input
          type="checkbox"
        />
      </div>
    </div>
  </form>
</div>
`;
