// Jest Snapshot v1, https://goo.gl/fbAQLP

exports[`Should match the snapshot, with the props 1`] = `
<div>
  <div
    class="add-pathway"
  >
    <div
      class="add-pathway__input-texts"
    >
      <div
        class="short"
      >
        <label
          class="short__label"
        >
          Article Name
        </label>
        <input
          class="short__input"
          name="shortInputOne"
          placeholder="e.g. Financial Forest"
          spellcheck="true"
          type="text"
        />
      </div>
      <div
        class="free-type"
      >
        <label
          class="free-type__label"
        >
          Article Overview
        </label>
        <textarea
          class="free-type__input"
          name="freeTypeInputOne"
          spellcheck="true"
          type="text"
        />
      </div>
      <div
        class="short"
      >
        <label
          class="short__label"
        >
          Additional Subtitle(s) (optional)
        </label>
        <input
          class="short__input"
          name="shortInputTwo"
          placeholder="e.g. Fund Manager"
          spellcheck="true"
          type="text"
        />
      </div>
      <div
        class="free-type"
      >
        <label
          class="free-type__label"
        >
          Additional Content (optional)
        </label>
        <textarea
          class="free-type__input"
          name="freeTypeInputTwo"
          spellcheck="true"
          type="text"
        />
      </div>
      <p
        class="add-pathway__error-message"
      />
      <div
        class="add-pathway__buttons"
      >
        <div
          class="add-pathway__cancel"
        >
          <button
            class="button black round-border large"
          >
            <div />
            <p
              class="text large-text black"
            >
              Submit
            </p>
          </button>
        </div>
        <div
          class="add-pathway__submit"
        >
          <button
            class="button light-grey round-border large"
          >
            <div />
            <p
              class="text large-text light-grey"
            >
              Cancel
            </p>
          </button>
        </div>
      </div>
    </div>
    <div
      class="add-pathway__media-upload"
    >
      <div
        class="thumbnail"
      >
        <label
          class="thumbnail__label"
        />
        <div
          class="thumbnail__container"
        >
          <div
            class="thumbnail__btn--wrapper"
          >
            <button
              class="button light-grey round-border small"
            >
              <div />
              <p
                class="text small-text light-grey"
              >
                Upload Image
              </p>
            </button>
            <input
              accept="image/*,video/*,audio/*,.txt"
              class="thumbnail__btn--input"
              type="file"
            />
          </div>
        </div>
      </div>
    </div>
  </div>
</div>
`;
