// Jest Snapshot v1, https://goo.gl/fbAQLP

exports[`Should match the snapshot 1`] = `
<div>
  <div
    class="index-container"
  >
    <div
      class="index-container__grid"
    >
      <div
        class="index-container__left-column"
      />
      <div
        class="index-container__left-column"
      />
      <div
        class="index-container__middle-column"
      >
        <div
          class="card"
        >
          <a
            href="/*"
          >
            <img
              class="card__image"
            />
          </a>
          <p
            class="card__date"
          />
          <a
            class="card__header"
            href="/*"
          >
            <h2
              class="card__title"
            />
            <img
              alt="Arrow Icon"
              class="card__icon"
              src="arrow-upper-right-black.svg"
            />
          </a>
          <p
            class="card__info"
          />
          <ul
            class="categories-menu"
          />
        </div>
      </div>
      <div
        class="index-container__right-column"
      >
        <div
          class="more-options"
        >
          <h3
            class="more-options__title"
          >
             Options
          </h3>
          <p
            class="more-options__description"
          />
          <div
            class="more-options__buttons"
          >
            <button
              class="button light-grey round-border medium"
            >
              <div
                class="medium-img black-svg"
              >
                <svg>
                  pen-icon.svg
                </svg>
              </div>
              <p
                class="text medium-text light-grey"
              >
                Edit
              </p>
            </button>
            <button
              class="button red round-border medium"
            >
              <div
                class="medium-img white-svg"
              >
                <svg>
                  bin-icon.svg
                </svg>
              </div>
              <p
                class="text medium-text red"
              >
                Delete
              </p>
            </button>
          </div>
        </div>
      </div>
    </div>
  </div>
</div>
`;
