// Jest Snapshot v1, https://goo.gl/fbAQLP

exports[`renders the NavBar 1`] = `
<div>
  <div
    class="navBar"
  >
    <div
      class="navBar__container"
    >
      <div
        class="navBar__logo"
      >
        <a
          class="link"
          href="/*"
        >
          <div
            class="logo"
          >
            <img
              alt="The Future Hub Logo"
              class="logo__image"
              src=""
            />
            <p
              class="logo__topTitle"
            >
              THE
            </p>
            <h3
              class="logo__title"
            >
              FUTURE HUB
            </h3>
          </div>
        </a>
      </div>
      <ul
        class="navBar__linkList"
      >
        <li
          class="navBar__listItem"
        >
          <a
            class="link"
            href="/"
          >
            <div
              class="navBarItem selected"
            >
              <img
                alt="Dashboard"
                class="navBarItem__image"
                src=""
              />
              <p
                class="navBarItem__text"
              >
                Dashboard
              </p>
            </div>
          </a>
        </li>
        <li
          class="navBar__listItem"
        >
          <a
            class="link"
            href="/"
          >
            <div
              class="navBarItem"
            >
              <img
                alt="Pathways"
                class="navBarItem__image"
                src=""
              />
              <p
                class="navBarItem__text"
              >
                Pathways
              </p>
            </div>
          </a>
        </li>
        <li
          class="navBar__listItem"
        >
          <a
            class="link"
            href="/"
          >
            <div
              class="navBarItem"
            >
              <img
                alt="Articles"
                class="navBarItem__image"
                src=""
              />
              <p
                class="navBarItem__text"
              >
                Articles
              </p>
            </div>
          </a>
        </li>
        <li
          class="navBar__listItem"
        >
          <a
            class="link"
            href="/"
          >
            <div
              class="navBarItem"
            >
              <img
                alt="Marketplace"
                class="navBarItem__image"
                src=""
              />
              <p
                class="navBarItem__text"
              >
                Marketplace
              </p>
            </div>
          </a>
        </li>
        <li
          class="navBar__listItem"
        >
          <a
            class="link"
            href="/"
          >
            <div
              class="navBarItem"
            >
              <img
                alt="Users"
                class="navBarItem__image"
                src=""
              />
              <p
                class="navBarItem__text"
              >
                Users
              </p>
            </div>
          </a>
        </li>
      </ul>
      <a
        class="link"
        href="/"
      >
        <div
          class="navBarItem"
        >
          <img
            alt="Settings"
            class="navBarItem__image"
            src=""
          />
          <p
            class="navBarItem__text"
          >
            Settings
          </p>
        </div>
      </a>
    </div>
  </div>
</div>
`;
