// Jest Snapshot v1, https://goo.gl/fbAQLP

exports[`should render the pathway header with props 1`] = `
<div>
  <div
    class="heading"
  >
    <img
      alt="Barclays Icon"
      class="heading__icon"
      src="barclays-icon-white-background.svg"
    />
    <img
      alt="Mobile Growing Investment"
      class="heading__image"
      src="mobile-growing-investment.svg"
    />
    <h1
      class="heading__title"
    >
      Commercial Banking with Barclay's
    </h1>
    <ul
      class="categories-menu"
    >
      <li
        class="categories-menu__item categories-menu__item--purple"
      >
        Finance
      </li>
      <li
        class="categories-menu__item categories-menu__item--darkpurple"
      >
        Investing
      </li>
    </ul>
  </div>
</div>
`;
