// Jest Snapshot v1, https://goo.gl/fbAQLP

exports[`Should render the view options component 1`] = `
<div>
  <div
    class="view-options"
  >
    <a
      class="view-options__overview"
      href="/"
    >
      Overview
    </a>
    <a
      class="view-options__overview"
      href="/courses/list"
    >
      Courses
    </a>
    <a
      class="view-options__overview"
      href="/*"
    >
      Stats
    </a>
  </div>
</div>
`;
