// Jest Snapshot v1, https://goo.gl/fbAQLP

exports[`Should render the view options component 1`] = `
<div>
  <div
    class="view-options"
  >
    <h3
      class="view-options__option"
    >
      Overview
    </h3>
    <h3
      class="view-options__option"
    >
      Courses
    </h3>
    <h3
      class="view-options__option"
    >
      Stats
    </h3>
  </div>
</div>
`;
