// Jest Snapshot v1, https://goo.gl/fbAQLP

exports[`Should render the course overview container 1`] = `
<div>
  <section
    class="course-overview"
  >
    <div
      class="course-overview__main"
    >
      <div
        class="pathway-introduction"
      >
        <img
          alt="pathway thumbnail"
          class="pathway-introduction__image"
          src="money-growing-on-tree.svg"
        />
        <h2
          class="pathway-introduction__title"
        >
          Pathway Overview
        </h2>
        <p
          class="pathway-introduction__description"
        >
          Lorem ipsum dolor sit amet. Ea nisi accusamus 33 Quis quidem ut quia obcaecati ex modi dolore 33 suscipit labore. Ut aliquid molestias aut voluptate incidunt nam assumenda quis et iste vero sit dolor dicta At iusto sunt suscipit nulla.
        </p>
      </div>
      <div
        class="pathway-header"
      >
        <h2
          class="pathway-header__title"
        >
          Pathway Structure
        </h2>
        <a
          class="pathway-header__link"
          href="/link"
        >
          <button
            class="button black round-border medium"
          >
            <div
              class="medium-img white-svg"
            >
              <svg>
                pen-icon.svg
              </svg>
            </div>
            <p
              class="text medium-text black"
            >
              Add Course
            </p>
          </button>
        </a>
      </div>
      <div
        class="course-overview__main--drop"
      >
        <nav
          class="drop-down"
        >
          <input
            id="An Introduction to Interest"
            type="checkbox"
          />
          <label
            for="An Introduction to Interest"
          >
            <span
              class="drop-down__title"
            >
              An Introduction to Interest
              <img
                alt="Topic Arrow"
                class="drop-down__arrow"
                src="upside-down-arrow-grey.svg"
              />
            </span>
          </label>
          <ul
            class="drop-down__list"
          >
            <li>
              <a
                href="#"
              >
                <p
                  class="drop-down__content"
                >
                  The Role of Banking and the Financial System
                </p>
              </a>
            </li>
            <li>
              <a
                href="#"
              >
                <p
                  class="drop-down__content"
                >
                  Currency Risk Management
                </p>
              </a>
            </li>
            <li>
              <a
                href="#"
              >
                <p
                  class="drop-down__content"
                >
                  Equity, Assets & Liabilities
                </p>
              </a>
            </li>
          </ul>
        </nav>
        <nav
          class="drop-down"
        >
          <input
            id="Commercial Banking"
            type="checkbox"
          />
          <label
            for="Commercial Banking"
          >
            <span
              class="drop-down__title"
            >
              Commercial Banking
              <img
                alt="Topic Arrow"
                class="drop-down__arrow"
                src="upside-down-arrow-grey.svg"
              />
            </span>
          </label>
          <ul
            class="drop-down__list"
          >
            <li>
              <a
                href="#"
              >
                <p
                  class="drop-down__content"
                >
                  The Role of Banking and the Financial System
                </p>
              </a>
            </li>
            <li>
              <a
                href="#"
              >
                <p
                  class="drop-down__content"
                >
                  Currency Risk Management
                </p>
              </a>
            </li>
            <li>
              <a
                href="#"
              >
                <p
                  class="drop-down__content"
                >
                  Equity, Assets & Liabilities
                </p>
              </a>
            </li>
          </ul>
        </nav>
        <nav
          class="drop-down"
        >
          <input
            id="An Introduction to Investing"
            type="checkbox"
          />
          <label
            for="An Introduction to Investing"
          >
            <span
              class="drop-down__title"
            >
              An Introduction to Investing
              <img
                alt="Topic Arrow"
                class="drop-down__arrow"
                src="upside-down-arrow-grey.svg"
              />
            </span>
          </label>
          <ul
            class="drop-down__list"
          >
            <li>
              <a
                href="#"
              >
                <p
                  class="drop-down__content"
                >
                  The Role of Banking and the Financial System
                </p>
              </a>
            </li>
            <li>
              <a
                href="#"
              >
                <p
                  class="drop-down__content"
                >
                  Currency Risk Management
                </p>
              </a>
            </li>
            <li>
              <a
                href="#"
              >
                <p
                  class="drop-down__content"
                >
                  Equity, Assets & Liabilities
                </p>
              </a>
            </li>
          </ul>
        </nav>
        <nav
          class="drop-down"
        >
          <input
            id="An Introduction to Capital"
            type="checkbox"
          />
          <label
            for="An Introduction to Capital"
          >
            <span
              class="drop-down__title"
            >
              An Introduction to Capital
              <img
                alt="Topic Arrow"
                class="drop-down__arrow"
                src="upside-down-arrow-grey.svg"
              />
            </span>
          </label>
          <ul
            class="drop-down__list"
          >
            <li>
              <a
                href="#"
              >
                <p
                  class="drop-down__content"
                >
                  The Role of Banking and the Financial System
                </p>
              </a>
            </li>
            <li>
              <a
                href="#"
              >
                <p
                  class="drop-down__content"
                >
                  Currency Risk Management
                </p>
              </a>
            </li>
            <li>
              <a
                href="#"
              >
                <p
                  class="drop-down__content"
                >
                  Equity, Assets & Liabilities
                </p>
              </a>
            </li>
          </ul>
        </nav>
        <nav
          class="drop-down"
        >
          <input
            id="An Introduction to Accounting"
            type="checkbox"
          />
          <label
            for="An Introduction to Accounting"
          >
            <span
              class="drop-down__title"
            >
              An Introduction to Accounting
              <img
                alt="Topic Arrow"
                class="drop-down__arrow"
                src="upside-down-arrow-grey.svg"
              />
            </span>
          </label>
          <ul
            class="drop-down__list"
          >
            <li>
              <a
                href="#"
              >
                <p
                  class="drop-down__content"
                >
                  The Role of Banking and the Financial System
                </p>
              </a>
            </li>
            <li>
              <a
                href="#"
              >
                <p
                  class="drop-down__content"
                >
                  Currency Risk Management
                </p>
              </a>
            </li>
            <li>
              <a
                href="#"
              >
                <p
                  class="drop-down__content"
                >
                  Equity, Assets & Liabilities
                </p>
              </a>
            </li>
          </ul>
        </nav>
        <nav
          class="drop-down"
        >
          <input
            id="Welcome to HSBC"
            type="checkbox"
          />
          <label
            for="Welcome to HSBC"
          >
            <span
              class="drop-down__title"
            >
              Welcome to HSBC
              <img
                alt="Topic Arrow"
                class="drop-down__arrow"
                src="upside-down-arrow-grey.svg"
              />
            </span>
          </label>
          <ul
            class="drop-down__list"
          >
            <li>
              <a
                href="#"
              >
                <p
                  class="drop-down__content"
                >
                  The Role of Banking and the Financial System
                </p>
              </a>
            </li>
            <li>
              <a
                href="#"
              >
                <p
                  class="drop-down__content"
                >
                  Currency Risk Management
                </p>
              </a>
            </li>
            <li>
              <a
                href="#"
              >
                <p
                  class="drop-down__content"
                >
                  Equity, Assets & Liabilities
                </p>
              </a>
            </li>
          </ul>
        </nav>
        <nav
          class="drop-down"
        >
          <input
            id="An Introduction to E.C.F."
            type="checkbox"
          />
          <label
            for="An Introduction to E.C.F."
          >
            <span
              class="drop-down__title"
            >
              An Introduction to E.C.F.
              <img
                alt="Topic Arrow"
                class="drop-down__arrow"
                src="upside-down-arrow-grey.svg"
              />
            </span>
          </label>
          <ul
            class="drop-down__list"
          >
            <li>
              <a
                href="#"
              >
                <p
                  class="drop-down__content"
                >
                  The Role of Banking and the Financial System
                </p>
              </a>
            </li>
            <li>
              <a
                href="#"
              >
                <p
                  class="drop-down__content"
                >
                  Currency Risk Management
                </p>
              </a>
            </li>
            <li>
              <a
                href="#"
              >
                <p
                  class="drop-down__content"
                >
                  Equity, Assets & Liabilities
                </p>
              </a>
            </li>
          </ul>
        </nav>
      </div>
    </div>
    <div
      class="course-overview__side"
    >
      <div
        class="more-options"
      >
        <h3
          class="more-options__title"
        >
          Financial Forest
           Options
        </h3>
        <p
          class="more-options__description"
        >
          Nam assumenda quis et iste vero sit dolor dicta At iusto sunt suscipit nulla.
        </p>
        <div
          class="more-options__buttons"
        >
          <button
            class="button light-grey round-border medium"
          >
            <div
              class="medium-img black-svg"
            >
              <svg>
                pen-icon.svg
              </svg>
            </div>
            <p
              class="text medium-text light-grey"
            >
              Edit
            </p>
          </button>
          <button
            class="button red round-border medium"
          >
            <div
              class="medium-img white-svg"
            >
              <svg>
                bin-icon.svg
              </svg>
            </div>
            <p
              class="text medium-text red"
            >
              Delete
            </p>
          </button>
        </div>
      </div>
      <div
        class="salary"
      >
        <h2
          class="salary__heading"
        >
          Average Salaries
        </h2>
        <h5
          class="salary__number"
        >
          £
          70,000
        </h5>
        <span
          class="salary__line"
        />
        <div
          class="salary__jobs"
        >
          <div
            class="salary__titles"
          >
            <h6
              class="salary__title"
            >
              Fund Manager
            </h6>
            <h6
              class="salary__title"
            >
              Financial Analyst
            </h6>
            <h6
              class="salary__title"
            >
              Stock Broker
            </h6>
          </div>
          <div
            class="salary__pays"
          >
            <h6
              class="salary__pay"
            >
              £
              100,000
            </h6>
            <h6
              class="salary__pay"
            >
              £
              60,000
            </h6>
            <h6
              class="salary__pay"
            >
              £
              50,000
            </h6>
          </div>
        </div>
      </div>
      <div
        class="career"
      >
        <h5
          class="career__heading"
        >
          Potential Careers
        </h5>
        <ul
          class="career__list"
        >
          <li
            class="career__item"
          >
            Financial Analyst
          </li>
          <li
            class="career__item"
          >
            Accountant
          </li>
          <li
            class="career__item"
          >
            Investment Analyst
          </li>
          <li
            class="career__item"
          >
            Stock Broker
          </li>
        </ul>
      </div>
    </div>
  </section>
</div>
`;
