// Jest Snapshot v1, https://goo.gl/fbAQLP

exports[`Should match the snapshot, with the props 1`] = `
<div>
  <div
    class="free-type"
  >
    <label
      class="free-type__label"
      data-testid="label"
    />
    <textarea
      class="free-type__input"
      data-testid="textarea"
      spellcheck="true"
      type="text"
    />
  </div>
</div>
`;
