// Jest Snapshot v1, https://goo.gl/fbAQLP

exports[`Should render layout with children 1`] = `
<div>
  <div
    class="layout"
  >
    <nav
      class="drop-down"
    >
      <input
        id="click"
        type="checkbox"
      />
      <label
        for="click"
      >
        <span
          class="drop-down__title"
        >
          Business
          <img
            alt=""
            class="drop-down__arrow"
            src="upside-down-arrow-grey.svg"
          />
        </span>
      </label>
      <ul
        class="drop-down__list"
      >
        <li>
          <a
            href="#"
          >
            <p
              class="drop-down__content"
            >
              <img
                alt=""
                class="drop-down__image"
                src="upside-down-arrow-grey.svg"
              />
              Suits
            </p>
          </a>
        </li>
      </ul>
    </nav>
    <p>
      some content
    </p>
  </div>
</div>
`;
