// Jest Snapshot v1, https://goo.gl/fbAQLP

exports[`LessonLink component matches the snapshot taken 1`] = `
<div>
  <div
    class="lesson-link-container"
  >
    <div
      class="lesson-link-container__course-info"
    >
      <div
        class="lesson-link-container__title"
      >
        <img
          alt="play files icon"
          src="play-files-icon.svg"
        />
        <a
          href="/TheRoleofBankingintheFinancialSystem"
          style="text-decoration: none;"
        >
          <h5
            class="lesson-link-container__title-header"
          >
            The Role of Banking in the Financial System
          </h5>
        </a>
      </div>
      <div
        class="lesson-link-container__time"
      >
        <img
          alt="clock icon"
          src="clock-icon.svg"
        />
        <h6
          class="lesson-link-container__time-header"
        >
          10 min
        </h6>
      </div>
    </div>
    <a
      href="/TheRoleofBankingintheFinancialSystem"
    >
      <div
        class="lesson-link-container__arrow"
      >
        <img
          alt="course arrow"
          class="lesson-link-container-arrow-image"
          src="arrow-pointing-right-icon.svg"
        />
      </div>
    </a>
  </div>
</div>
`;
