// Jest Snapshot v1, https://goo.gl/fbAQLP

exports[`Should match the snapshot 1`] = `
<div>
  <div>
    <label
      class="select__label"
    >
      Lesson Type
    </label>
    <div
      class="select"
    >
      <select
        class="select__dropdown"
        src="upside-down-arrow-grey.svg"
      >
        <option
          class="select__dropdownoption"
        >
          Lesson
        </option>
        <option
          class="select__dropdownoption"
        >
          Assessment Quiz
        </option>
      </select>
    </div>
  </div>
</div>
`;
