// Jest Snapshot v1, https://goo.gl/fbAQLP

exports[`Should match the snapshot 1`] = `
<div>
  <label
    class="select__label"
    for=""
  >
    Lesson Type
  </label>
  <div
    class="select"
  >
    <select
      class="select__dropdown"
      id=""
      img="upside-down-arrow-grey.svg"
      name=""
    >
      <option
        class="select__dropdownoption"
        value=""
      >
        Lesson
      </option>
      <option
        class="select__dropdownoption"
        value=""
      >
        Assessment Quiz
      </option>
    </select>
  </div>
</div>
`;
