// Jest Snapshot v1, https://goo.gl/fbAQLP

exports[`should render the form 1`] = `
<div>
  <form
    name="form"
  >
    <div>
      <label
        for="email-input"
      >
        Email Address
      </label>
      <input
        id="email-input"
        type="text"
      />
    </div>
    <div>
      <label
        for="password-input"
      >
        Password
      </label>
      <input
        id="password-input"
        type="text"
      />
    </div>
    <button
      id="form-submit"
    >
      Login
    </button>
  </form>
</div>
`;
