// Jest Snapshot v1, https://goo.gl/fbAQLP

exports[`should render the form 1`] = `
<div>
  <form
    class="login"
    data-testid="form"
    name="form"
  >
    <div
      class="login__title"
    >
      <h1
        class="login__title--heading"
      >
        Welcome Back
      </h1>
      <p
        class="login__title--text"
      >
        Log into your account to access the CMS for the ECF Future Hub App.
      </p>
    </div>
    <div>
      <div
        class="input-box"
      >
        <label
          class="input-box__label"
          for="email"
        >
          Email Address
        </label>
        <input
          alt="input box"
          class="input-box__input"
          id="email"
          required=""
          type="email"
        />
      </div>
      <div
        class="input-box"
      >
        <label
          class="input-box__label"
          for="password"
        >
          Password
        </label>
        <input
          alt="input box"
          class="input-box__input"
          id="password"
          required=""
          type="password"
        />
      </div>
    </div>
    <button
      class="button login-black square-border"
    >
      <div />
      <p
        class="text medium-text black"
      >
        Login
      </p>
    </button>
  </form>
</div>
`;
